// Jest Snapshot v1, https://goo.gl/fbAQLP

exports[`Pruebas en el <SearchScreen /> Debe mostrarse correctamente con valores por defecto 1`] = `
Array [
  <h1>
    Búsquedas
  </h1>,
  <hr />,
  <div
    className="row"
  >
    <div
      className="col-5"
    >
      <h4>
        Buscar
      </h4>
      <hr />
      <form
        className="row"
        onSubmit={[Function]}
      >
        <div
          className="input-group mb-3"
        >
          <input
            autoComplete="off"
            className="form-control"
            name="searchText"
            onChange={[Function]}
            placeholder="Ingresa tu búsqueda"
            type="text"
            value=""
          />
          <button
            className="input-group-text btn-secondary"
            type="submit"
          >
            Buscar
          </button>
        </div>
      </form>
    </div>
    <div
      className="col-7"
    >
      <h4>
        Resultados
      </h4>
      <hr />
      <div
        className="alert alert-info"
      >
        No se ingresaron criterios de búsqueda
      </div>
    </div>
  </div>,
]
`;
